✔ typed oversized document GET is exact, bounded and version coherent; metadata guard and content authority stay intact (17717.134584ms)
ℹ {"fixture":"publicly accepted100-layer document; synthetic53000-digit revision only","documentBytes":66660,"inlineEnvelopeBytes":119779,"sourceHashes":{"server/protocol.ts":"sha256:73cb5dd1c6d8af1002ace784118bdfbb0af6bcc716f3b226b01c1d16c59e6fbe","server/storage/recovery.ts":"sha256:21cdd835973be2d4307d9bfd128c4eae61d646a378fa43dc065264bc7e79e9fb","server/storage/objects.ts":"sha256:169f5a9224a31fffe32643abfc923b0e06ef5e365e6b271cc31277d2a2d12b4b"}}
ℹ {"threshold":[{"decimalLength":25878,"inlineBytes":65535,"responseBytes":65535,"kind":"inline"},{"decimalLength":25879,"inlineBytes":65537,"responseBytes":26348,"kind":"content-ref"}],"responseBytes":53469,"firstContent":{"content":2,"leases":4},"headCount":140,"pins":1344,"latest":{"content":1,"leases":0},"limits":"Read-boundary correctness only; no full history at synthetic revision or large-envelope qualification."}
ℹ tests 1
ℹ suites 0
ℹ pass 1
ℹ fail 0
ℹ cancelled 0
ℹ skipped 0
ℹ todo 0
ℹ duration_ms 17787.08125
