npm notice run ideogram-editor@0.1.0 build
npm notice run npm run build:consumer && npm run build:app && npm run build:server
npm notice run ideogram-editor@0.1.0 build:consumer
npm notice run npm run verify:imports && vite build
npm notice run ideogram-editor@0.1.0 verify:imports
npm notice run node tooling/verify-imports.mjs
Verified 43 consumer en-reve imports against packed public metadata
vite v8.3.1 building client environment for production...
transforming...
✓ 564 modules transformed.
rendering chunks...
✗ Build failed in 104ms
error during build:
Build failed with 1 error:

[plugin consumer-build-evidence]
RolldownError: Module resolved outside the consumer: /Users/westbrook/Documents/repos/ideogram-edit/node_modules/@en-reve/tokens/dist/default.css
    at error (file:///Users/westbrook/Documents/repos/ideogram-edit/node_modules/rolldown/dist/shared/logs-D6uA606S.mjs:166:24)
    at PluginContextImpl.error (file:///Users/westbrook/Documents/repos/ideogram-edit/node_modules/rolldown/dist/shared/bindingify-input-options-XrReX_BJ.mjs:111:10)
    at file:///Users/westbrook/Documents/repos/ideogram-edit/node_modules/.vite-temp/vite.config.ts.timestamp-1790463014977-8f37f8f1a2886.mjs:14:77
    at Array.map (<anonymous>)
    at PluginContextImpl.generateBundle (file:///Users/westbrook/Documents/repos/ideogram-edit/node_modules/.vite-temp/vite.config.ts.timestamp-1790463014977-8f37f8f1a2886.mjs:11:42)
    at PluginContextImpl.handler (file:///Users/westbrook/Documents/repos/ideogram-edit/node_modules/vite/dist/node/chunks/node.js:34704:13)
    at plugin (file:///Users/westbrook/Documents/repos/ideogram-edit/node_modules/rolldown/dist/shared/bindingify-input-options-XrReX_BJ.mjs:1711:17)
    at file:///Users/westbrook/Documents/repos/ideogram-edit/node_modules/rolldown/dist/shared/bindingify-input-options-XrReX_BJ.mjs:1932:21
    at plugin.<computed> (file:///Users/westbrook/Documents/repos/ideogram-edit/node_modules/rolldown/dist/shared/bindingify-input-options-XrReX_BJ.mjs:2130:18)
    at aggregateBindingErrorsIntoJsError (file:///Users/westbrook/Documents/repos/ideogram-edit/node_modules/rolldown/dist/shared/error-C7pxws0W.mjs:48:18)
    at unwrapBindingResult (file:///Users/westbrook/Documents/repos/ideogram-edit/node_modules/rolldown/dist/shared/error-C7pxws0W.mjs:18:128)
    at #build (file:///Users/westbrook/Documents/repos/ideogram-edit/node_modules/rolldown/dist/shared/rolldown-CgWItHdG.mjs:133:34)
    at async buildEnvironment (file:///Users/westbrook/Documents/repos/ideogram-edit/node_modules/vite/dist/node/chunks/node.js:34445:66)
    at async Object.build (file:///Users/westbrook/Documents/repos/ideogram-edit/node_modules/vite/dist/node/chunks/node.js:34866:19)
    at async Object.buildApp (file:///Users/westbrook/Documents/repos/ideogram-edit/node_modules/vite/dist/node/chunks/node.js:34863:153)
    at async CAC.<anonymous> (file:///Users/westbrook/Documents/repos/ideogram-edit/node_modules/vite/dist/node/cli.js:780:3) {
  errors: [Getter/Setter]
}
