npm notice run ideogram-editor@0.1.0 npx
npm notice run 'vite' build --config tests/text-state/vite.config.ts
vite v8.3.1 building client environment for production...
transforming...
[plugin rolldown:vite-resolve] Module "fs" has been externalized for browser compatibility, imported by "/Users/westbrook/Documents/repos/ideogram-edit/node_modules/canvaskit-wasm/bin/canvaskit.js". See https://vite.dev/guide/troubleshooting.html#module-externalized-for-browser-compatibility for more details.
[plugin rolldown:vite-resolve] Module "path" has been externalized for browser compatibility, imported by "/Users/westbrook/Documents/repos/ideogram-edit/node_modules/canvaskit-wasm/bin/canvaskit.js". See https://vite.dev/guide/troubleshooting.html#module-externalized-for-browser-compatibility for more details.
[plugin rolldown:vite-resolve] Module "fs" has been externalized for browser compatibility, imported by "/Users/westbrook/Documents/repos/ideogram-edit/node_modules/canvaskit-wasm/bin/canvaskit.js". See https://vite.dev/guide/troubleshooting.html#module-externalized-for-browser-compatibility for more details.
[plugin rolldown:vite-resolve] Module "path" has been externalized for browser compatibility, imported by "/Users/westbrook/Documents/repos/ideogram-edit/node_modules/canvaskit-wasm/bin/canvaskit.js". See https://vite.dev/guide/troubleshooting.html#module-externalized-for-browser-compatibility for more details.
✓ 20 modules transformed.
rendering chunks...
computing gzip size...
artifacts/p1c2/app/index.html                                         0.19 kB │ gzip:     0.16 kB
artifacts/p1c2/app/assets/profile-BhmGoHKX.json                      12.98 kB │ gzip:     4.37 kB
artifacts/p1c2/app/assets/heap-worker-BjkhrpOi.js                    87.93 kB
artifacts/p1c2/app/assets/worker-CWMI7BTV.js                        118.62 kB
artifacts/p1c2/app/assets/NotoSansArabic-Regular-CEibNoL-.ttf       240.45 kB
artifacts/p1c2/app/assets/NotoSans-Regular-Dpf_lrdO.ttf             569.20 kB
artifacts/p1c2/app/assets/NotoSansSymbols2-Regular-Dcz4cXYm.ttf     656.85 kB
artifacts/p1c2/app/assets/canvaskit-B2Vb3rWN.wasm                 4,979.35 kB │ gzip: 2,059.12 kB
artifacts/p1c2/app/assets/NotoSansCJKsc-Regular-DxgKpThH.otf     16,437.36 kB
artifacts/p1c2/app/assets/index-BtQolWYd.js                          47.08 kB │ gzip:    19.29 kB

✓ built in 123ms
