✖ native chromium durable text/history/copy/restart exact identities (332.921417ms)
ℹ tests 1
ℹ suites 0
ℹ pass 0
ℹ fail 1
ℹ cancelled 0
ℹ skipped 0
ℹ todo 0
ℹ duration_ms 544.763417

✖ failing tests:

test at tests/text-state/native.test.mjs:13:77
✖ native chromium durable text/history/copy/restart exact identities (332.921417ms)
  Error: STORAGE_FAILURE
      at Worker.<anonymous> (file:///Users/westbrook/Documents/repos/ideogram-edit/dist/local/server/storage/writer.js:49:25)
      at Worker.emit (node:events:514:20)
      at MessagePort.<anonymous> (node:internal/worker:354:14)
      at [nodejs.internal.kHybridDispatch] (node:internal/event_target:872:20)
      at MessagePort.<anonymous> (node:internal/per_context/messageport:23:28) {
    code: 'STORAGE_FAILURE',
    detail: undefined
  }
