TAP version 13
# Subtest: native chromium durable text/history/copy/restart exact identities
not ok 1 - native chromium durable text/history/copy/restart exact identities
  ---
  duration_ms: 20522.536333
  type: 'test'
  location: '/Users/westbrook/Documents/repos/ideogram-edit/tests/text-state/native.test.mjs:22:77'
  failureType: 'testCodeFailure'
  error: |-
    Expected values to be strictly equal:
    
    2 !== 3
    
  code: 'ERR_ASSERTION'
  name: 'AssertionError'
  expected: 3
  actual: 2
  operator: 'strictEqual'
  stack: |-
    TestContext.<anonymous> (file:///Users/westbrook/Documents/repos/ideogram-edit/tests/text-state/native.test.mjs:81:372)
    process.processTicksAndRejections (node:internal/process/task_queues:104:5)
    async Test.run (node:internal/test_runner/test:1409:7)
    async startSubtestAfterBootstrap (node:internal/test_runner/harness:387:3)
  ...
1..1
# tests 1
# suites 0
# pass 0
# fail 1
# cancelled 0
# skipped 0
# todo 0
# duration_ms 20762.73275
