✖ trailing workspace event control preserves valid domain receipt and rejects null contradiction (2735.904541ms)
ℹ tests 1
ℹ suites 0
ℹ pass 0
ℹ fail 1
ℹ cancelled 0
ℹ skipped 0
ℹ todo 0
ℹ duration_ms 2788.888917

✖ failing tests:

test at ../revision-tail-controls.test.mjs:2:1
✖ trailing workspace event control preserves valid domain receipt and rejects null contradiction (2735.904541ms)
  AssertionError [ERR_ASSERTION]: Domain revision2 contradicts receipt null regardless of trailing workspace event
  
  true !== false
  
      at TestContext.<anonymous> (file:///Users/westbrook/Documents/repos/ideogram-edit-verification/5dab27d-independent/revision-tail-controls.test.mjs:2:1397)
      at async Test.run (node:internal/test_runner/test:1409:7)
      at async startSubtestAfterBootstrap (node:internal/test_runner/harness:387:3) {
    generatedMessage: false,
    code: 'ERR_ASSERTION',
    actual: true,
    expected: false,
    operator: 'strictEqual',
    diff: 'simple'
  }
